// Jest Snapshot v1, https://goo.gl/fbAQLP

exports[`ArticleCard renders correctly 1`] = `
<div
  className="box article-box-style"
>
  <article
    className="media"
  >
    <div
      className="media-left article-number is-hidden-mobile"
    >
      2
    </div>
    <div
      className="media-left is-hidden-mobile"
    >
      <button
        className="button is-black is-inverted is-small"
        onClick={[Function]}
      >
        <i
          aria-hidden="true"
          className="fa fa-arrow-up"
        />
      </button>
      <p
        className="article-card-votes"
      >
        <strong>
          3
        </strong>
      </p>
      <button
        className="button is-black is-inverted is-small"
        onClick={[Function]}
      >
        <i
          aria-hidden="true"
          className="fa fa-arrow-down"
        />
      </button>
    </div>
    <div
      className="media-content"
    >
      <div
        className="content"
      >
        <a
          href="/articles/59b01acf006c8dbca914672f"
          onClick={[Function]}
        >
          <h3
            className="title is-4 article-card-title"
          >
            <strong>
              Football is fun
            </strong>
          </h3>
        </a>
        <div
          className="columns is-gapless is-desktop"
        >
          <div
            className="column is-narrow"
          >
            <span
              className="article-card-subheading-key"
            >
              added by:
            </span>
          </div>
          <div
            className="column is-narrow"
          >
            <span>
              <span
                className="article-card-subheading-key"
              >
                tags:
              </span>
              <a
                href="/topics/football/articles"
                onClick={[Function]}
              >
                <span
                  className="article-card-subheading-value"
                >
                  <strong>
                    football
                  </strong>
                </span>
              </a>
            </span>
            <span
              className="article-card-subheading-key"
            >
              comments:
            </span>
            <a
              href="/articles/59b01acf006c8dbca914672f#comments"
            >
              <span
                className="article-card-subheading-value"
              >
                <strong>
                  0
                </strong>
              </span>
            </a>
          </div>
        </div>
      </div>
    </div>
  </article>
</div>
`;
