// Jest Snapshot v1, https://goo.gl/fbAQLP

exports[`CommentCard renders correctly 1`] = `
<div
  className="card box-style"
>
  <article
    className="media"
  >
    <div
      className="media-left"
    >
      <button
        className="button is-black is-inverted is-small up"
        onClick={[Function]}
      >
        <i
          aria-hidden="true"
          className="fa fa-arrow-up"
        />
      </button>
      <p
        className="comment-card-votes"
      >
        <strong>
          1
        </strong>
      </p>
      <button
        className="button is-black is-inverted is-small down"
        onClick={[Function]}
      >
        <i
          aria-hidden="true"
          className="fa fa-arrow-down"
        />
      </button>
    </div>
    <div
      className="media-content"
    >
      <div
        className="content"
      >
        <div>
          <img
            alt="user avatar"
            className="comment-card-avatar"
            src="https://avatars3.githubusercontent.com/u/6791502?v=3&s=200"
          />
          <a
            href="/users/northcoder"
            onClick={[Function]}
          >
            <span
              className="comment-card-name"
            >
              <strong>
                northcoder
              </strong>
            </span>
          </a>
          <p
            className="comment-card-date"
          >
            7th September 2017, 10:09
          </p>
        </div>
        <div
          className="comment-card-body"
        >
          this is a comment
        </div>
        <button
          className="button is-small delete-button"
          onClick={[Function]}
        >
          Delete Comment
        </button>
      </div>
    </div>
  </article>
</div>
`;
