// Jest Snapshot v1, https://goo.gl/fbAQLP

exports[`UserPage renders correctly 1`] = `
<div>
  <div
    className="user-page-card-box"
  >
    <div
      className="container-fluid"
    >
      <div
        className="card"
      >
        <div
          className="user-page-card-background"
        >
          <div
            className="columns is-mobile"
          >
            <div
              className="column is-half-mobile is-one-quarter-tablet avatar-container"
            >
              <img
                className="user-card-avatar-page"
                src="https://avatars3.githubusercontent.com/u/6791502?v=3&s=200"
              />
            </div>
            <div
              className="column is-half-mobile is-three-quarters-tablet"
            >
              <p
                className="user-page-card-name"
              >
                Awesome Northcoder
              </p>
              <p
                className="user-page-card-username"
              >
                @northcoder
              </p>
            </div>
          </div>
        </div>
        <div
          className="card-content content-container"
        >
          <div
            className="columns is-mobile"
          >
            <div
              className="column is-2-tablet"
            >
              <div
                className="user-page-card-mini-title"
              >
                Popularity
              </div>
              <div
                className="user-page-card-number"
              >
                NaN
              </div>
            </div>
            <div
              className="column is-2-tablet"
            >
              <div
                className="user-page-card-mini-title"
              >
                Comments
              </div>
              <div
                className="user-page-card-number"
              />
            </div>
            <div
              className="column is-2-tablet"
            >
              <div
                className="user-page-card-mini-title"
              >
                Articles
              </div>
              <div
                className="user-page-card-number"
              >
                0
              </div>
            </div>
            <div
              className="column is-2-tablet is-hidden-mobile"
            >
              <div
                className="user-page-card-mini-title"
              >
                Comment Votes
              </div>
              <div
                className="user-page-card-number"
              />
            </div>
            <div
              className="column is-2-tablet is-hidden-mobile"
            >
              <div
                className="user-page-card-mini-title"
              >
                Article Votes
              </div>
              <div
                className="user-page-card-number"
              />
            </div>
            <div
              className="column is-2-tablet is-hidden-mobile"
            >
              <div
                className="user-page-card-mini-title"
              >
                Ranking
              </div>
              <div
                className="user-page-card-number"
              >
                1
              </div>
            </div>
          </div>
        </div>
      </div>
    </div>
  </div>
  <hr />
  <div
    className="content"
    id="Articles"
  >
    <div
      className="content"
    >
      <div
        className="columns"
      >
        <div
          className="column"
        >
          <h2
            className="page-title"
          >
            <strong>
               Articles
            </strong>
          </h2>
        </div>
        <div
          className="column label has-text-left-mobile has-text-right-tablet"
        >
          <div
            className="dropdown has-text-left "
          >
            <div
              className="dropdown-trigger"
            >
              <button
                aria-controls="dropdown-menu"
                aria-haspopup="true"
                className="button dropdown-button-article-list"
                onClick={[Function]}
              >
                <label
                  htmlFor="Sort by"
                >
                  Sort by:
                </label>
                <span
                  className="icon"
                >
                  <i
                    aria-hidden="true"
                    className="fa fa-caret-down"
                  />
                </span>
              </button>
            </div>
            <div
              className="dropdown-menu"
              id="dropdown-menu"
              role="menu"
            >
              <div
                className="dropdown-content"
              >
                <a
                  className="dropdown-item popular"
                  onClick={[Function]}
                  value="votes"
                >
                  Popularity
                </a>
                <a
                  className="dropdown-item comments"
                  onClick={[Function]}
                  value="comments"
                >
                  Number of Comments
                </a>
                <a
                  className="dropdown-item random"
                  onClick={[Function]}
                  value="random"
                >
                  Random
                </a>
              </div>
            </div>
          </div>
        </div>
      </div>
    </div>
    <p
      className="user-page-no-articles"
    >
      This user hasn't uploaded any articles yet
    </p>
  </div>
  <hr />
</div>
`;
