// Jest Snapshot v1, https://goo.gl/fbAQLP

exports[`UsersPage renders correctly 1`] = `
<div>
  <h2
    className="users-page-header"
  >
    <strong>
      Users
    </strong>
  </h2>
  <div
    className="container-fluid"
  />
</div>
`;
